Product: MDK-ARM Standard 5.10
Component: ARM Compiler 5.04 update 1 (build 49)
Tool: armlink [5040049]

==============================================================================

Section Cross References

    system_mk64f12.o(.text) refers to system_mk64f12.o(.data) for SystemCoreClock
    startup_mk64f12.o(STACK) refers (Special) to heapauxi.o(.text) for __use_two_region_memory
    startup_mk64f12.o(HEAP) refers (Special) to heapauxi.o(.text) for __use_two_region_memory
    startup_mk64f12.o(RESET) refers (Special) to heapauxi.o(.text) for __use_two_region_memory
    startup_mk64f12.o(RESET) refers to startup_mk64f12.o(STACK) for __initial_sp
    startup_mk64f12.o(RESET) refers to startup_mk64f12.o(.text) for Reset_Handler
    startup_mk64f12.o(RESET) refers to common.o(.text) for NMI_Handler
    startup_mk64f12.o(RESET) refers to dma.o(.text) for DMA0_IRQHandler
    startup_mk64f12.o(RESET) refers to wdog.o(.text) for Watchdog_IRQHandler
    startup_mk64f12.o(RESET) refers to spi.o(.text) for SPI0_IRQHandler
    startup_mk64f12.o(RESET) refers to uart.o(.text) for UART0_RX_TX_IRQHandler
    startup_mk64f12.o(RESET) refers to adc.o(.text) for ADC0_IRQHandler
    startup_mk64f12.o(RESET) refers to ftm.o(.text) for FTM0_IRQHandler
    startup_mk64f12.o(RESET) refers to rtc.o(.text) for RTC_IRQHandler
    startup_mk64f12.o(RESET) refers to pit.o(.text) for PIT0_IRQHandler
    startup_mk64f12.o(RESET) refers to lptmr.o(.text) for LPTimer_IRQHandler
    startup_mk64f12.o(RESET) refers to gpio.o(.text) for PORTA_IRQHandler
    startup_mk64f12.o(RESET) refers to enet.o(.text) for ENET_Transmit_IRQHandler
    startup_mk64f12.o(.ARM.__at_0x400) refers (Special) to heapauxi.o(.text) for __use_two_region_memory
    startup_mk64f12.o(.text) refers (Special) to heapauxi.o(.text) for __use_two_region_memory
    startup_mk64f12.o(.text) refers to system_mk64f12.o(.text) for SystemInit
    startup_mk64f12.o(.text) refers to __main.o(!!!main) for __main
    startup_mk64f12.o(.text) refers to startup_mk64f12.o(HEAP) for Heap_Mem
    startup_mk64f12.o(.text) refers to startup_mk64f12.o(STACK) for Stack_Mem
    main.o(.text) refers to _printf_percent.o(.ARM.Collect$$_printf_percent$$00000000) for _printf_percent
    main.o(.text) refers to _printf_d.o(.ARM.Collect$$_printf_percent$$00000009) for _printf_d
    main.o(.text) refers to _printf_c.o(.ARM.Collect$$_printf_percent$$00000013) for _printf_c
    main.o(.text) refers to _printf_s.o(.ARM.Collect$$_printf_percent$$00000014) for _printf_s
    main.o(.text) refers to _printf_dec.o(.text) for _printf_int_dec
    main.o(.text) refers to _printf_str.o(.text) for _printf_str
    main.o(.text) refers to _scanf_int.o(.text) for _scanf_int
    main.o(.text) refers to _scanf_str.o(.text) for _scanf_string
    main.o(.text) refers to noretval__2printf.o(.text) for __2printf
    main.o(.text) refers to ff.o(.text) for f_opendir
    main.o(.text) refers to strlen.o(.text) for strlen
    main.o(.text) refers to strcpy.o(.text) for strcpy
    main.o(.text) refers to sd.o(.text) for SD_QuickInit
    main.o(.text) refers to cjson.o(.text) for cJSON_CreateObject
    main.o(.text) refers to __0sscanf.o(.text) for __0sscanf
    main.o(.text) refers to main.o(.bss) for uartBuffer
    main.o(.text) refers to main.o(.data) for uartChCount
    main.o(.text) refers to gpio.o(.text) for GPIO_QuickInit
    main.o(.text) refers to uart.o(.text) for UART_WriteByte
    main.o(.text) refers to pit.o(.text) for PIT_ITDMAConfig
    main.o(.text) refers to common.o(.text) for EnterSTOPMode
    main.o(.data) refers to main.o(.conststring) for .conststring
    gpio.o(.text) refers to gpio.o(.constdata) for SIM_GPIOClockGateTable
    gpio.o(.text) refers to gpio.o(.bss) for GPIO_CallBackTable
    uart.o(.text) refers to common.o(.text) for GetClock
    uart.o(.text) refers to uart.o(.constdata) for UARTBase
    uart.o(.text) refers to uart.o(.data) for UART_DebugInstance
    uart.o(.text) refers to gpio.o(.text) for PORT_PinMuxConfig
    uart.o(.text) refers to uart.o(.bss) for UART_CallBackTxTable
    uart.o(.data) refers to uart.o(.conststring) for .conststring
    wdog.o(.text) refers to common.o(.text) for GetClock
    wdog.o(.text) refers to wdog.o(.data) for WDOG_CallBackTable
    pit.o(.text) refers to common.o(.text) for GetClock
    pit.o(.text) refers to pit.o(.data) for fac_us
    pit.o(.text) refers to pit.o(.constdata) for PIT_IRQnTable
    pit.o(.text) refers to pit.o(.bss) for PIT_CallBackTable
    cpuidy.o(.text) refers to cpuidy.o(.data) for CPUIDY_FamIDTable
    cpuidy.o(.text) refers to cpuidy.o(.constdata) for CPUIDY_PinCountTable
    cpuidy.o(.data) refers to cpuidy.o(.conststring) for .conststring
    adc.o(.text) refers to adc.o(.constdata) for ADC_InstanceTable
    adc.o(.text) refers to gpio.o(.text) for PORT_PinMuxConfig
    adc.o(.text) refers to adc.o(.data) for ADC_CallBackTable
    ftm.o(.text) refers to ftm.o(.constdata) for SIM_FTMClockGateTable
[...]
    .data                                    0x20000120   Section       12  cjson.o(.data)
    ep                                       0x20000120   Data           4  cjson.o(.data)
    cJSON_malloc                             0x20000124   Data           4  cjson.o(.data)
    cJSON_free                               0x20000128   Data           4  cjson.o(.data)
    .bss                                     0x2000012c   Section     6524  main.o(.bss)
    uartBuffer                               0x2000012c   Data         150  main.o(.bss)
    str                                      0x200001c2   Data         150  main.o(.bss)
    fs_sd                                    0x20000258   Data         560  main.o(.bss)
    fil                                      0x20000488   Data         552  main.o(.bss)
    fil_info                                 0x200006b0   Data          24  main.o(.bss)
    task                                     0x200006c8   Data        3600  main.o(.bss)
    io                                       0x200014d8   Data         120  main.o(.bss)
    uart                                     0x20001550   Data         280  main.o(.bss)
    file                                     0x20001668   Data          40  main.o(.bss)
    .bss                                     0x20001aa8   Section       20  gpio.o(.bss)
    GPIO_CallBackTable                       0x20001aa8   Data          20  gpio.o(.bss)
    .bss                                     0x20001abc   Section       48  uart.o(.bss)
    UART_CallBackTxTable                     0x20001abc   Data          24  uart.o(.bss)
    UART_CallBackRxTable                     0x20001ad4   Data          24  uart.o(.bss)
    .bss                                     0x20001aec   Section       16  pit.o(.bss)
    PIT_CallBackTable                        0x20001aec   Data          16  pit.o(.bss)
    .bss                                     0x20001afc   Section       16  ftm.o(.bss)
    FTM_CallBackTable                        0x20001afc   Data          16  ftm.o(.bss)
    .bss                                     0x20001b0c   Section       12  spi.o(.bss)
    SPI_CallBackTable                        0x20001b0c   Data          12  spi.o(.bss)
    .bss                                     0x20001b18   Section       64  dma.o(.bss)
    DMA_CallBackTable                        0x20001b18   Data          64  dma.o(.bss)
    .bss                                     0x20001b58   Section     1630  enet.o(.bss)
    xENETTxDescriptors_unaligned             0x20001b58   Data          48  enet.o(.bss)
    xENETRxDescriptors_unaligned             0x20001b88   Data          48  enet.o(.bss)
    ucENETRxBuffers                          0x20001bb8   Data        1534  enet.o(.bss)
    .bss                                     0x200021b8   Section       52  sd.o(.bss)
    sdh                                      0x200021b8   Data          52  sd.o(.bss)
    .bss                                     0x200021ec   Section       96  libspace.o(.bss)
    HEAP                                     0x20002250   Section    65536  startup_mk64f12.o(HEAP)
    Heap_Mem                                 0x20002250   Data       65536  startup_mk64f12.o(HEAP)
    STACK                                    0x20012250   Section    65536  startup_mk64f12.o(STACK)
    Stack_Mem                                0x20012250   Data       65536  startup_mk64f12.o(STACK)
    __initial_sp                             0x20022250   Data           0  startup_mk64f12.o(STACK)

    Global Symbols

    Symbol Name                              Value     Ov Type        Size  Object(Section)

    BuildAttributes$$THM_ISAv4$E$P$D$K$B$S$7EM$VFPi3$EXTD16$VFPS$VFMA$PE$A:L22UL41UL21$X:L11$S22US41US21$IEEE1$IW$USESV6$~STKCKD$USESV7$~SHL$OTIME$ROPI$IEEEX$EBA8$UX$STANDARDLIB$REQ8$PRES8$EABIv2 0x00000000   Number         0  anon$$obj.o ABSOLUTE
    __ARM_use_no_argv                        0x00000000   Number         0  main.o ABSOLUTE
    __Vectors                                0x00000000   Data           4  startup_mk64f12.o(RESET)
    _printf_flags                            0x00000000   Number         0  printf_stubs.o ABSOLUTE
    _printf_return_value                     0x00000000   Number         0  printf_stubs.o ABSOLUTE
    _printf_sizespec                         0x00000000   Number         0  printf_stubs.o ABSOLUTE
    _printf_widthprec                        0x00000000   Number         0  printf_stubs.o ABSOLUTE
    __ARM_exceptions_init                     - Undefined Weak Reference
    __alloca_initialize                       - Undefined Weak Reference
    __cpp_initialize__aeabi_                  - Undefined Weak Reference
    __cxa_finalize                            - Undefined Weak Reference
    __sigvec_lookup                           - Undefined Weak Reference
    __user_heap_extent                        - Undefined Weak Reference
    _atexit_init                              - Undefined Weak Reference
    _call_atexit_fns                          - Undefined Weak Reference
    _clock_init                               - Undefined Weak Reference
    _fp_trap_init                             - Undefined Weak Reference
    _fp_trap_shutdown                         - Undefined Weak Reference
    _get_lc_collate                           - Undefined Weak Reference
    _get_lc_monetary                          - Undefined Weak Reference
    _get_lc_time                              - Undefined Weak Reference
    _getenv_init                              - Undefined Weak Reference
    _handle_redirection                       - Undefined Weak Reference
    _initio                                   - Undefined Weak Reference
    _mutex_acquire                            - Undefined Weak Reference
    _mutex_free                               - Undefined Weak Reference
    _mutex_release                            - Undefined Weak Reference
    _printf_mbtowc                            - Undefined Weak Reference
    _printf_truncate_signed                   - Undefined Weak Reference
    _printf_truncate_unsigned                 - Undefined Weak Reference
    _rand_init                                - Undefined Weak Reference
    _scanf_longlong                           - Undefined Weak Reference
    _scanf_mbtowc                             - Undefined Weak Reference
    _scanf_real                               - Undefined Weak Reference
    _scanf_wctomb                             - Undefined Weak Reference
    _scanf_wstring                            - Undefined Weak Reference
    _signal_finish                            - Undefined Weak Reference
    _signal_init                              - Undefined Weak Reference
    _terminateio                              - Undefined Weak Reference
    __Vectors_End                            0x00000400   Data           0  startup_mk64f12.o(RESET)
    __Vectors_Size                           0x00000400   Number         0  startup_mk64f12.o ABSOLUTE
    __main                                   0x00000411   Thumb Code     8  __main.o(!!!main)
    __scatterload                            0x00000419   Thumb Code     0  __scatter.o(!!!scatter)
    __scatterload_rt2                        0x00000419   Thumb Code    44  __scatter.o(!!!scatter)
    __scatterload_rt2_thumb_only             0x00000419   Thumb Code     0  __scatter.o(!!!scatter)
    __scatterload_null                       0x00000427   Thumb Code     0  __scatter.o(!!!scatter)
    __decompress                             0x0000044d   Thumb Code    90  __dczerorl2.o(!!dczerorl2)
    __decompress1                            0x0000044d   Thumb Code     0  __dczerorl2.o(!!dczerorl2)
    __scatterload_zeroinit                   0x000004a9   Thumb Code    28  __scatter_zi.o(!!handler_zi)
    _printf_f                                0x000004c5   Thumb Code     0  _printf_f.o(.ARM.Collect$$_printf_percent$$00000003)
    _printf_percent                          0x000004c5   Thumb Code     0  _printf_percent.o(.ARM.Collect$$_printf_percent$$00000000)
    _printf_e                                0x000004cb   Thumb Code     0  _printf_e.o(.ARM.Collect$$_printf_percent$$00000004)
    _printf_d                                0x000004d1   Thumb Code     0  _printf_d.o(.ARM.Collect$$_printf_percent$$00000009)
    _printf_x                                0x000004d7   Thumb Code     0  _printf_x.o(.ARM.Collect$$_printf_percent$$0000000C)
    _printf_c                                0x000004dd   Thumb Code     0  _printf_c.o(.ARM.Collect$$_printf_percent$$00000013)
    _printf_s                                0x000004e3   Thumb Code     0  _printf_s.o(.ARM.Collect$$_printf_percent$$00000014)
    _printf_percent_end                      0x000004e9   Thumb Code     0  _printf_percent_end.o(.ARM.Collect$$_printf_percent$$00000017)
    __rt_lib_init                            0x000004ed   Thumb Code     0  libinit.o(.ARM.Collect$$libinit$$00000000)
    __rt_lib_init_fp_1                       0x000004ef   Thumb Code     0  libinit2.o(.ARM.Collect$$libinit$$00000001)
    __rt_lib_init_heap_2                     0x000004f3   Thumb Code     0  libinit2.o(.ARM.Collect$$libinit$$00000003)
    __rt_lib_init_heap_1                     0x000004fb   Thumb Code     0  libinit2.o(.ARM.Collect$$libinit$$00000008)
    __rt_lib_init_lc_common                  0x000004fb   Thumb Code     0  libinit2.o(.ARM.Collect$$libinit$$0000000D)
    __rt_lib_init_rand_1                     0x000004fb   Thumb Code     0  libinit2.o(.ARM.Collect$$libinit$$0000000C)
    __rt_lib_init_user_alloc_1               0x000004fb   Thumb Code     0  libinit2.o(.ARM.Collect$$libinit$$0000000A)
    __rt_lib_init_lc_collate_1               0x00000501   Thumb Code     0  libinit2.o(.ARM.Collect$$libinit$$0000000F)
    __rt_lib_init_lc_ctype_2                 0x00000501   Thumb Code     0  libinit2.o(.ARM.Collect$$libinit$$00000010)
    __rt_lib_init_lc_ctype_1                 0x0000050d   Thumb Code     0  libinit2.o(.ARM.Collect$$libinit$$00000011)
    __rt_lib_init_lc_monetary_1              0x0000050d   Thumb Code     0  libinit2.o(.ARM.Collect$$libinit$$00000013)
    __rt_lib_init_lc_numeric_2               0x0000050d   Thumb Code     0  libinit2.o(.ARM.Collect$$libinit$$00000014)
    __rt_lib_init_alloca_1                   0x00000517   Thumb Code     0  libinit2.o(.ARM.Collect$$libinit$$0000002C)
    __rt_lib_init_argv_1                     0x00000517   Thumb Code     0  libinit2.o(.ARM.Collect$$libinit$$0000002A)
    __rt_lib_init_atexit_1                   0x00000517   Thumb Code     0  libinit2.o(.ARM.Collect$$libinit$$00000019)
    __rt_lib_init_clock_1                    0x00000517   Thumb Code     0  libinit2.o(.ARM.Collect$$libinit$$0000001F)
    __rt_lib_init_cpp_1                      0x00000517   Thumb Code     0  libinit2.o(.ARM.Collect$$libinit$$00000030)
    __rt_lib_init_exceptions_1               0x00000517   Thumb Code     0  libinit2.o(.ARM.Collect$$libinit$$0000002E)
    __rt_lib_init_fp_trap_1                  0x00000517   Thumb Code     0  libinit2.o(.ARM.Collect$$libinit$$0000001D)
    __rt_lib_init_getenv_1                   0x00000517   Thumb Code     0  libinit2.o(.ARM.Collect$$libinit$$00000021)
    __rt_lib_init_lc_numeric_1               0x00000517   Thumb Code     0  libinit2.o(.ARM.Collect$$libinit$$00000015)
    __rt_lib_init_lc_time_1                  0x00000517   Thumb Code     0  libinit2.o(.ARM.Collect$$libinit$$00000017)
    __rt_lib_init_return                     0x00000517   Thumb Code     0  libinit2.o(.ARM.Collect$$libinit$$00000031)
    __rt_lib_init_signal_1                   0x00000517   Thumb Code     0  libinit2.o(.ARM.Collect$$libinit$$0000001B)
    __rt_lib_init_stdio_1                    0x00000517   Thumb Code     0  libinit2.o(.ARM.Collect$$libinit$$00000023)
    __rt_lib_shutdown                        0x00000519   Thumb Code     0  libshutdown.o(.ARM.Collect$$libshutdown$$00000000)
    __rt_lib_shutdown_fp_trap_1              0x0000051b   Thumb Code     0  libshutdown2.o(.ARM.Collect$$libshutdown$$00000006)
    __rt_lib_shutdown_heap_1                 0x0000051b   Thumb Code     0  libshutdown2.o(.ARM.Collect$$libshutdown$$0000000E)
    __rt_lib_shutdown_return                 0x0000051b   Thumb Code     0  libshutdown2.o(.ARM.Collect$$libshutdown$$0000000F)
    __rt_lib_shutdown_signal_1               0x0000051b   Thumb Code     0  libshutdown2.o(.ARM.Collect$$libshutdown$$00000009)
    __rt_lib_shutdown_stdio_1                0x0000051b   Thumb Code     0  libshutdown2.o(.ARM.Collect$$libshutdown$$00000003)
    __rt_lib_shutdown_user_alloc_1           0x0000051b   Thumb Code     0  libshutdown2.o(.ARM.Collect$$libshutdown$$0000000B)
    __rt_entry                               0x0000051d   Thumb Code     0  rtentry.o(.ARM.Collect$$rtentry$$00000000)
    __rt_entry_presh_1                       0x0000051d   Thumb Code     0  rtentry2.o(.ARM.Collect$$rtentry$$00000002)
    __rt_entry_sh                            0x0000051d   Thumb Code     0  rtentry4.o(.ARM.Collect$$rtentry$$00000004)
    __rt_entry_li                            0x00000523   Thumb Code     0  rtentry2.o(.ARM.Collect$$rtentry$$0000000A)
    __rt_entry_postsh_1                      0x00000523   Thumb Code     0  rtentry2.o(.ARM.Collect$$rtentry$$00000009)
    __rt_entry_main                          0x00000527   Thumb Code     0  rtentry2.o(.ARM.Collect$$rtentry$$0000000D)
    __rt_entry_postli_1                      0x00000527   Thumb Code     0  rtentry2.o(.ARM.Collect$$rtentry$$0000000C)
    __rt_exit                                0x0000052f   Thumb Code     0  rtexit.o(.ARM.Collect$$rtexit$$00000000)
    __rt_exit_ls                             0x00000531   Thumb Code     0  rtexit2.o(.ARM.Collect$$rtexit$$00000003)
    __rt_exit_prels_1                        0x00000531   Thumb Code     0  rtexit2.o(.ARM.Collect$$rtexit$$00000002)
    __rt_exit_exit                           0x00000535   Thumb Code     0  rtexit2.o(.ARM.Collect$$rtexit$$00000004)
    __asm___6_enet_c_7a926d92____REVSH       0x0000053d   Thumb Code     4  enet.o(.revsh_text)
    _maybe_terminate_alloc                   0x0000053d   Thumb Code     0  maybetermalloc1.o(.emb_text)
    SystemInit                               0x00000541   Thumb Code   136  system_mk64f12.o(.text)
    SystemCoreClockUpdate                    0x000005c9   Thumb Code   324  system_mk64f12.o(.text)
    Reset_Handler                            0x00000731   Thumb Code     8  startup_mk64f12.o(.text)
    HardFault_Handler                        0x0000073b   Thumb Code     2  startup_mk64f12.o(.text)
    MemManage_Handler                        0x0000073d   Thumb Code     2  startup_mk64f12.o(.text)
    BusFault_Handler                         0x0000073f   Thumb Code     2  startup_mk64f12.o(.text)
    UsageFault_Handler                       0x00000741   Thumb Code     2  startup_mk64f12.o(.text)
    SVC_Handler                              0x00000743   Thumb Code     2  startup_mk64f12.o(.text)
    DebugMon_Handler                         0x00000745   Thumb Code     2  startup_mk64f12.o(.text)
    PendSV_Handler                           0x00000747   Thumb Code     2  startup_mk64f12.o(.text)
    SysTick_Handler                          0x00000749   Thumb Code     2  startup_mk64f12.o(.text)
    CAN0_Bus_Off_IRQHandler                  0x0000074b   Thumb Code     0  startup_mk64f12.o(.text)
    CAN0_Error_IRQHandler                    0x0000074b   Thumb Code     0  startup_mk64f12.o(.text)
    CAN0_ORed_Message_buffer_IRQHandler      0x0000074b   Thumb Code     0  startup_mk64f12.o(.text)
    CAN0_Rx_Warning_IRQHandler               0x0000074b   Thumb Code     0  startup_mk64f12.o(.text)
    CAN0_Tx_Warning_IRQHandler               0x0000074b   Thumb Code     0  startup_mk64f12.o(.text)
    CAN0_Wake_Up_IRQHandler                  0x0000074b   Thumb Code     0  startup_mk64f12.o(.text)
    CMP0_IRQHandler                          0x0000074b   Thumb Code     0  startup_mk64f12.o(.text)
    CMP1_IRQHandler                          0x0000074b   Thumb Code     0  startup_mk64f12.o(.text)
    CMP2_IRQHandler                          0x0000074b   Thumb Code     0  startup_mk64f12.o(.text)
    CMT_IRQHandler                           0x0000074b   Thumb Code     0  startup_mk64f12.o(.text)
    DAC0_IRQHandler                          0x0000074b   Thumb Code     0  startup_mk64f12.o(.text)
    DAC1_IRQHandler                          0x0000074b   Thumb Code     0  startup_mk64f12.o(.text)
    DMA_Error_IRQHandler                     0x0000074b   Thumb Code     0  startup_mk64f12.o(.text)
    DefaultISR                               0x0000074b   Thumb Code     0  startup_mk64f12.o(.text)
    ENET_1588_Timer_IRQHandler               0x0000074b   Thumb Code     0  startup_mk64f12.o(.text)
    ENET_Error_IRQHandler                    0x0000074b   Thumb Code     0  startup_mk64f12.o(.text)
    FTFE_IRQHandler                          0x0000074b   Thumb Code     0  startup_mk64f12.o(.text)
    FTM3_IRQHandler                          0x0000074b   Thumb Code     0  startup_mk64f12.o(.text)
    I2C0_IRQHandler                          0x0000074b   Thumb Code     0  startup_mk64f12.o(.text)
    I2C1_IRQHandler                          0x0000074b   Thumb Code     0  startup_mk64f12.o(.text)
    I2C2_IRQHandler                          0x0000074b   Thumb Code     0  startup_mk64f12.o(.text)
    I2S0_Rx_IRQHandler                       0x0000074b   Thumb Code     0  startup_mk64f12.o(.text)
    I2S0_Tx_IRQHandler                       0x0000074b   Thumb Code     0  startup_mk64f12.o(.text)
    LLW_IRQHandler                           0x0000074b   Thumb Code     0  startup_mk64f12.o(.text)
    LVD_LVW_IRQHandler                       0x0000074b   Thumb Code     0  startup_mk64f12.o(.text)
    MCG_IRQHandler                           0x0000074b   Thumb Code     0  startup_mk64f12.o(.text)
    MCM_IRQHandler                           0x0000074b   Thumb Code     0  startup_mk64f12.o(.text)
    PDB0_IRQHandler                          0x0000074b   Thumb Code     0  startup_mk64f12.o(.text)
    RNG_IRQHandler                           0x0000074b   Thumb Code     0  startup_mk64f12.o(.text)
    RTC_Seconds_IRQHandler                   0x0000074b   Thumb Code     0  startup_mk64f12.o(.text)
    Read_Collision_IRQHandler                0x0000074b   Thumb Code     0  startup_mk64f12.o(.text)
    Reserved71_IRQHandler                    0x0000074b   Thumb Code     0  startup_mk64f12.o(.text)
    SDHC_IRQHandler                          0x0000074b   Thumb Code     0  startup_mk64f12.o(.text)
    SWI_IRQHandler                           0x0000074b   Thumb Code     0  startup_mk64f12.o(.text)
    UART0_ERR_IRQHandler                     0x0000074b   Thumb Code     0  startup_mk64f12.o(.text)
    UART0_LON_IRQHandler                     0x0000074b   Thumb Code     0  startup_mk64f12.o(.text)
    UART1_ERR_IRQHandler                     0x0000074b   Thumb Code     0  startup_mk64f12.o(.text)
    UART2_ERR_IRQHandler                     0x0000074b   Thumb Code     0  startup_mk64f12.o(.text)
    UART3_ERR_IRQHandler                     0x0000074b   Thumb Code     0  startup_mk64f12.o(.text)
    UART4_ERR_IRQHandler                     0x0000074b   Thumb Code     0  startup_mk64f12.o(.text)
    UART5_ERR_IRQHandler                     0x0000074b   Thumb Code     0  startup_mk64f12.o(.text)
    USB0_IRQHandler                          0x0000074b   Thumb Code     0  startup_mk64f12.o(.text)
    USBDCD_IRQHandler                        0x0000074b   Thumb Code     0  startup_mk64f12.o(.text)
    __user_initial_stackheap                 0x0000074d   Thumb Code     0  startup_mk64f12.o(.text)
    UART_read                                0x00000785   Thumb Code    32  main.o(.text)
    readConfigFile                           0x000008cf   Thumb Code   454  main.o(.text)
    GPIO_Task                                0x00000d29   Thumb Code   496  main.o(.text)
    PIT2_ISR                                 0x00000fbf   Thumb Code   294  main.o(.text)
    PIT1_ISR                                 0x000010e5   Thumb Code   172  main.o(.text)
    main                                     0x00001191   Thumb Code    94  main.o(.text)
    PORT_PinMuxConfig                        0x00001231   Thumb Code    74  gpio.o(.text)
    PORT_PinPullConfig                       0x0000127b   Thumb Code   162  gpio.o(.text)
    PORT_PinOpenDrainConfig                  0x0000131d   Thumb Code    72  gpio.o(.text)
    PORT_PinPassiveFilterConfig              0x00001365   Thumb Code    72  gpio.o(.text)
    GPIO_PinConfig                           0x000013ad   Thumb Code    70  gpio.o(.text)
    GPIO_Init                                0x000013f3   Thumb Code   196  gpio.o(.text)
    GPIO_QuickInit                           0x000014b7   Thumb Code    30  gpio.o(.text)
    GPIO_WriteBit                            0x000014d5   Thumb Code    68  gpio.o(.text)
    GPIO_SetBit                              0x00001519   Thumb Code    24  gpio.o(.text)
    GPIO_ResetBit                            0x00001531   Thumb Code    24  gpio.o(.text)
    GPIO_ReadBit                             0x00001549   Thumb Code    50  gpio.o(.text)
    GPIO_ToggleBit                           0x0000157b   Thumb Code    24  gpio.o(.text)
    GPIO_ReadPort                            0x00001593   Thumb Code    12  gpio.o(.text)
    GPIO_WritePort                           0x0000159f   Thumb Code    10  gpio.o(.text)
    GPIO_ITDMAConfig                         0x000015a9   Thumb Code   380  gpio.o(.text)
    GPIO_CallbackInstall                     0x00001725   Thumb Code    26  gpio.o(.text)
    PORTA_IRQHandler                         0x0000176f   Thumb Code    10  gpio.o(.text)
    PORTB_IRQHandler                         0x00001779   Thumb Code    10  gpio.o(.text)
    PORTC_IRQHandler                         0x00001783   Thumb Code    10  gpio.o(.text)
    PORTD_IRQHandler                         0x0000178d   Thumb Code    10  gpio.o(.text)
    PORTE_IRQHandler                         0x00001797   Thumb Code    10  gpio.o(.text)
    UART_GetTxFIFOSize                       0x000017cd   Thumb Code    22  uart.o(.text)
    UART_WriteByte                           0x000017e3   Thumb Code   118  uart.o(.text)
    fputc                                    0x00001859   Thumb Code    20  uart.o(.text)
    UART_ReadByte                            0x0000186d   Thumb Code    56  uart.o(.text)
    fgetc                                    0x000018a5   Thumb Code    28  uart.o(.text)
    UART_putstr                              0x000018c1   Thumb Code    26  uart.o(.text)
    UART_printf                              0x0000190b   Thumb Code   110  uart.o(.text)
    UART_Init                                0x00001979   Thumb Code   742  uart.o(.text)
    UART_DeInit                              0x00001c5f   Thumb Code    76  uart.o(.text)
    UART_SelectDebugInstance                 0x00001cab   Thumb Code     6  uart.o(.text)
    UART_EnableTxFIFO                        0x00001cb1   Thumb Code    46  uart.o(.text)
    UART_EnableRxFIFO                        0x00001cdf   Thumb Code    46  uart.o(.text)
    UART_GetRxFIFOSize                       0x00001d0d   Thumb Code    22  uart.o(.text)
    UART_SetTxFIFOWatermark                  0x00001d23   Thumb Code    50  uart.o(.text)
    UART_SetRxFIFOWatermark                  0x00001d55   Thumb Code    50  uart.o(.text)
    UART_ITDMAConfig                         0x00001d87   Thumb Code   408  uart.o(.text)
    UART_CallbackTxInstall                   0x00001f1f   Thumb Code    48  uart.o(.text)
    UART_CallbackRxInstall                   0x00001f4f   Thumb Code    48  uart.o(.text)
    UART_QuickInit                           0x00001f7f   Thumb Code   146  uart.o(.text)
    UART0_RX_TX_IRQHandler                   0x000020cf   Thumb Code    10  uart.o(.text)
    UART1_RX_TX_IRQHandler                   0x000020d9   Thumb Code    10  uart.o(.text)
    UART2_RX_TX_IRQHandler                   0x000020e3   Thumb Code    10  uart.o(.text)
    UART3_RX_TX_IRQHandler                   0x000020ed   Thumb Code    10  uart.o(.text)
    UART4_RX_TX_IRQHandler                   0x000020f7   Thumb Code    10  uart.o(.text)
    UART5_RX_TX_IRQHandler                   0x00002101   Thumb Code    10  uart.o(.text)
    WDOG_Init                                0x00002141   Thumb Code   112  wdog.o(.text)
    WDOG_QuickInit                           0x000021b1   Thumb Code    24  wdog.o(.text)
    WDOG_ITDMAConfig                         0x000021c9   Thumb Code    84  wdog.o(.text)
    WDOG_CallbackInstall                     0x0000221d   Thumb Code     8  wdog.o(.text)
    WDOG_GetResetCounter                     0x00002225   Thumb Code     6  wdog.o(.text)
    WDOG_ClearResetCounter                   0x0000222b   Thumb Code    10  wdog.o(.text)
    WDOG_GetCurrentCounter                   0x00002235   Thumb Code    14  wdog.o(.text)
    WDOG_Refresh                             0x00002243   Thumb Code    32  wdog.o(.text)
    Watchdog_IRQHandler                      0x00002263   Thumb Code    28  wdog.o(.text)
    PIT_Init                                 0x0000228d   Thumb Code    94  pit.o(.text)
    PIT_QuickInit                            0x000022eb   Thumb Code    20  pit.o(.text)
    PIT_ITDMAConfig                          0x000022ff   Thumb Code   114  pit.o(.text)
    PIT_ResetCounter                         0x00002371   Thumb Code    42  pit.o(.text)
    PIT_GetCounterValue                      0x0000239b   Thumb Code    12  pit.o(.text)
    PIT_CallbackInstall                      0x000023a7   Thumb Code    22  pit.o(.text)
    PIT0_IRQHandler                          0x000023e7   Thumb Code    10  pit.o(.text)
    PIT1_IRQHandler                          0x000023f1   Thumb Code    10  pit.o(.text)
    PIT2_IRQHandler                          0x000023fb   Thumb Code    10  pit.o(.text)
    PIT3_IRQHandler                          0x00002405   Thumb Code    10  pit.o(.text)
    ADC_IsConversionCompleted                0x0000242d   Thumb Code    26  adc.o(.text)
    ADC_Calibration                          0x00002447   Thumb Code   254  adc.o(.text)
    ADC_Init                                 0x00002545   Thumb Code   662  adc.o(.text)
    ADC_EnableHardwareTrigger                0x000027db   Thumb Code    58  adc.o(.text)
    ADC_ChlMuxConfig                         0x00002815   Thumb Code    48  adc.o(.text)
    ADC_QuickInit                            0x00002845   Thumb Code   146  adc.o(.text)
    ADC_StartConversion                      0x000028d7   Thumb Code    54  adc.o(.text)
    ADC_ReadValue                            0x0000290d   Thumb Code    16  adc.o(.text)
    ADC_QuickReadValue                       0x0000291d   Thumb Code    54  adc.o(.text)
    ADC_ITDMAConfig                          0x00002953   Thumb Code   170  adc.o(.text)
    ADC_CallbackInstall                      0x000029fd   Thumb Code    10  adc.o(.text)
    ADC0_IRQHandler                          0x00002a07   Thumb Code    16  adc.o(.text)
    ADC1_IRQHandler                          0x00002a17   Thumb Code    16  adc.o(.text)
    FTM_PWM_InvertPolarity                   0x00002b83   Thumb Code   132  ftm.o(.text)
    FTM_QD_QuickInit                         0x0000307b   Thumb Code   376  ftm.o(.text)
    FTM_QD_GetData                           0x000031f3   Thumb Code    30  ftm.o(.text)
    FTM_QD_ClearCount                        0x00003211   Thumb Code    12  ftm.o(.text)
    FTM_PWM_ChangeDuty                       0x0000321d   Thumb Code   156  ftm.o(.text)
    FTM_PWM_QuickInit                        0x000032b9   Thumb Code   452  ftm.o(.text)
    FTM_IC_QuickInit                         0x0000347d   Thumb Code   204  ftm.o(.text)
    FTM_IC_SetTriggerMode                    0x00003549   Thumb Code   194  ftm.o(.text)
    FTM_GetChlCounter                        0x0000360b   Thumb Code    18  ftm.o(.text)
    FTM_SetMoudleCounter                     0x0000361d   Thumb Code    10  ftm.o(.text)
    FTM_CallbackInstall                      0x00003627   Thumb Code    18  ftm.o(.text)
    FTM_ITDMAConfig                          0x00003639   Thumb Code   358  ftm.o(.text)
    FTM_IsChnInterupt                        0x0000379f   Thumb Code    20  ftm.o(.text)
    FTM_IRQHandler                           0x000037b3   Thumb Code   118  ftm.o(.text)
    FTM0_IRQHandler                          0x00003829   Thumb Code    10  ftm.o(.text)
    FTM1_IRQHandler                          0x00003833   Thumb Code    10  ftm.o(.text)
    FTM2_IRQHandler                          0x0000383d   Thumb Code    10  ftm.o(.text)
    SPI_CTARConfig                           0x0000393b   Thumb Code   346  spi.o(.text)
    SPI_Init                                 0x00003a95   Thumb Code   148  spi.o(.text)
    SPI_QuickInit                            0x00003b29   Thumb Code    98  spi.o(.text)
    SPI_EnableTxFIFO                         0x00003b8b   Thumb Code    66  spi.o(.text)
    SPI_EnableRxFIFO                         0x00003bcd   Thumb Code    66  spi.o(.text)
    SPI_ITDMAConfig                          0x00003c0f   Thumb Code   196  spi.o(.text)
    SPI_CallbackInstall                      0x00003cd3   Thumb Code    10  spi.o(.text)
    SPI_ReadWriteByte                        0x00003cdd   Thumb Code   114  spi.o(.text)
    SPI0_IRQHandler                          0x00003d79   Thumb Code    10  spi.o(.text)
    SPI1_IRQHandler                          0x00003d83   Thumb Code    10  spi.o(.text)
    SPI2_IRQHandler                          0x00003d8d   Thumb Code    10  spi.o(.text)
    LPTMR_TC_Init                            0x00003da1   Thumb Code    78  lptmr.o(.text)
    LPTMR_PC_Init                            0x00003def   Thumb Code   178  lptmr.o(.text)
    LPTMR_ITDMAConfig                        0x00003ea1   Thumb Code    92  lptmr.o(.text)
    LPTMR_CallbackInstall                    0x00003efd   Thumb Code    26  lptmr.o(.text)
    LPTMR_PC_ReadCounter                     0x00003f17   Thumb Code    18  lptmr.o(.text)
    LPTMR_PC_QuickInit                       0x00003f29   Thumb Code   110  lptmr.o(.text)
    LPTMR_ClearCounter                       0x00003f97   Thumb Code    24  lptmr.o(.text)
    LPTimer_IRQHandler                       0x00003faf   Thumb Code    28  lptmr.o(.text)
    DMA_Init                                 0x00003fdd   Thumb Code   372  dma.o(.text)
    DMA_ChlAlloc                             0x00004151   Thumb Code    46  dma.o(.text)
    DMA_ChlFree                              0x0000417f   Thumb Code    16  dma.o(.text)
    DMA_GetMajorLoopCount                    0x0000418f   Thumb Code    16  dma.o(.text)
    DMA_SetMajorLoopCounter                  0x0000419f   Thumb Code    44  dma.o(.text)
    DMA_EnableRequest                        0x000041cb   Thumb Code    10  dma.o(.text)
    DMA_DisableRequest                       0x000041d5   Thumb Code    10  dma.o(.text)
    DMA_EnableAutoDisableRequest             0x000041df   Thumb Code    46  dma.o(.text)
    DMA_EnableMajorLink                      0x0000420d   Thumb Code    94  dma.o(.text)
    DMA_ITConfig                             0x0000426b   Thumb Code   140  dma.o(.text)
    DMA_CallbackInstall                      0x000042f7   Thumb Code    10  dma.o(.text)
    DMA_IsMajorLoopComplete                  0x00004301   Thumb Code    56  dma.o(.text)
    DMA_SetDestAddress                       0x00004339   Thumb Code    10  dma.o(.text)
    DMA_GetDestAddress                       0x00004343   Thumb Code    12  dma.o(.text)
    DMA_SetSourceAddress                     0x0000434f   Thumb Code    10  dma.o(.text)
    DMA_GetSourceAddress                     0x00004359   Thumb Code    12  dma.o(.text)
    DMA_CancelTransfer                       0x00004365   Thumb Code    14  dma.o(.text)
    DMA0_IRQHandler                          0x00004391   Thumb Code    10  dma.o(.text)
    DMA1_IRQHandler                          0x0000439b   Thumb Code    10  dma.o(.text)
    DMA2_IRQHandler                          0x000043a5   Thumb Code    10  dma.o(.text)
    DMA3_IRQHandler                          0x000043af   Thumb Code    10  dma.o(.text)
    DMA4_IRQHandler                          0x000043b9   Thumb Code    40  dma.o(.text)
    DMA5_IRQHandler                          0x000043e1   Thumb Code    10  dma.o(.text)
    DMA6_IRQHandler                          0x000043eb   Thumb Code    10  dma.o(.text)
    DMA7_IRQHandler                          0x000043f5   Thumb Code    10  dma.o(.text)
    DMA8_IRQHandler                          0x000043ff   Thumb Code    10  dma.o(.text)
    DMA9_IRQHandler                          0x00004409   Thumb Code    10  dma.o(.text)
    DMA10_IRQHandler                         0x00004413   Thumb Code    10  dma.o(.text)
    DMA11_IRQHandler                         0x0000441d   Thumb Code    10  dma.o(.text)
    DMA12_IRQHandler                         0x00004427   Thumb Code    10  dma.o(.text)
    DMA13_IRQHandler                         0x00004431   Thumb Code    10  dma.o(.text)
    DMA14_IRQHandler                         0x0000443b   Thumb Code    10  dma.o(.text)
    DMA15_IRQHandler                         0x00004445   Thumb Code    10  dma.o(.text)
    RTC_GetWeek                              0x00004451   Thumb Code   108  rtc.o(.text)
    RTC_GetTime                              0x000045cb   Thumb Code    26  rtc.o(.text)
    RTC_IsTimeValid                          0x000045e5   Thumb Code    14  rtc.o(.text)
    RTC_SetAlarm                             0x000045f3   Thumb Code    28  rtc.o(.text)
    RTC_SetCompensation                      0x0000460f   Thumb Code    54  rtc.o(.text)
    RTC_Init                                 0x00004645   Thumb Code   162  rtc.o(.text)
    RTC_QuickInit                            0x000046e7   Thumb Code    14  rtc.o(.text)
    RTC_GetTSR                               0x000046f5   Thumb Code     6  rtc.o(.text)
    RTC_GetTAR                               0x000046fb   Thumb Code     6  rtc.o(.text)
    RTC_SetTime                              0x00004701   Thumb Code    46  rtc.o(.text)
    RTC_SetTSR                               0x0000472f   Thumb Code    26  rtc.o(.text)
    RTC_ITDMAConfig                          0x00004749   Thumb Code   128  rtc.o(.text)
    RTC_CallbackInstall                      0x000047c9   Thumb Code     8  rtc.o(.text)
    RTC_IRQHandler                           0x000047d1   Thumb Code    72  rtc.o(.text)
    ENET_MII_Init                            0x000049c1   Thumb Code    68  enet.o(.text)
    ENET_MII_Write                           0x00004a05   Thumb Code   110  enet.o(.text)
    ENET_MII_Read                            0x00004a73   Thumb Code   114  enet.o(.text)
    ENET_Init                                0x00004ae5   Thumb Code   316  enet.o(.text)
    ENET_MacSendData                         0x00004c21   Thumb Code   150  enet.o(.text)
    ENET_GetReceiveLen                       0x00004cb7   Thumb Code    30  enet.o(.text)
    ENET_MacReceiveData                      0x00004cd5   Thumb Code    78  enet.o(.text)
    ENET_ITDMAConfig                         0x00004d23   Thumb Code    86  enet.o(.text)
    ENET_CallbackTxInstall                   0x00004d79   Thumb Code     8  enet.o(.text)
    ENET_CallbackRxInstall                   0x00004d81   Thumb Code     8  enet.o(.text)
    ENET_IsTxTransferComplete                0x00004d89   Thumb Code    30  enet.o(.text)
    ENET_Transmit_IRQHandler                 0x00004da7   Thumb Code    28  enet.o(.text)
    ENET_Receive_IRQHandler                  0x00004dc3   Thumb Code    28  enet.o(.text)
    GetClock                                 0x00004e09   Thumb Code   104  common.o(.text)
    EnterSTOPMode                            0x00004e71   Thumb Code    54  common.o(.text)
    QuickInitEncode                          0x00004ea7   Thumb Code     6  common.o(.text)
    GetUID                                   0x00004ead   Thumb Code    16  common.o(.text)
    QuickInitDecode                          0x00004ebd   Thumb Code    10  common.o(.text)
    DWT_DelayInit                            0x00004ec7   Thumb Code    30  common.o(.text)
    DWT_DelayUs                              0x00004ee5   Thumb Code    62  common.o(.text)
    DWT_DelayMs                              0x00004f23   Thumb Code    18  common.o(.text)
    DelayInit                                0x00004f35   Thumb Code     8  common.o(.text)
    DelayMs                                  0x00004f3d   Thumb Code    12  common.o(.text)
    DelayUs                                  0x00004f49   Thumb Code    12  common.o(.text)
    NMI_isr                                  0x00004f55   Thumb Code     2  common.o(.text)
    NMI_Handler                              0x00004f57   Thumb Code     8  common.o(.text)
    SD_StatusWait                            0x00005067   Thumb Code    46  sd.o(.text)
    SDHC_SendCmd                             0x00005095   Thumb Code   146  sd.o(.text)
    SD_Init                                  0x00005307   Thumb Code   102  sd.o(.text)
    SD_QuickInit                             0x0000536d   Thumb Code   232  sd.o(.text)
    SDHC_ReadBlock                           0x00005455   Thumb Code   152  sd.o(.text)
    SDHC_WriteBlock                          0x000054ed   Thumb Code   218  sd.o(.text)
    SD_ReadSingleBlock                       0x000055c7   Thumb Code    18  sd.o(.text)
    SD_WriteSingleBlock                      0x000055d9   Thumb Code    18  sd.o(.text)
    SD_GetSizeInMB                           0x000055eb   Thumb Code   110  sd.o(.text)
    SD_ReadMultiBlock                        0x00005659   Thumb Code    20  sd.o(.text)
    SD_WriteMultiBlock                       0x0000566d   Thumb Code    20  sd.o(.text)
    disk_status                              0x000056a1   Thumb Code    12  diskio.o(.text)
    disk_initialize                          0x000056ad   Thumb Code    12  diskio.o(.text)
    disk_read                                0x000056b9   Thumb Code    36  diskio.o(.text)
    disk_write                               0x000056dd   Thumb Code    36  diskio.o(.text)
    disk_ioctl                               0x00005701   Thumb Code    78  diskio.o(.text)
    get_fattime                              0x0000574f   Thumb Code     4  diskio.o(.text)
    f_mount                                  0x00006743   Thumb Code    80  ff.o(.text)
    f_open                                   0x00006793   Thumb Code   484  ff.o(.text)
    f_read                                   0x00006977   Thumb Code   428  ff.o(.text)
    f_write                                  0x00006b23   Thumb Code   478  ff.o(.text)
    f_sync                                   0x00006d01   Thumb Code   160  ff.o(.text)
    f_close                                  0x00006da1   Thumb Code    34  ff.o(.text)
    f_lseek                                  0x00006dc3   Thumb Code   388  ff.o(.text)
    f_opendir                                0x00006f47   Thumb Code   108  ff.o(.text)
    f_closedir                               0x00006fb3   Thumb Code    24  ff.o(.text)
    f_readdir                                0x00006fcb   Thumb Code    78  ff.o(.text)
    f_stat                                   0x00007019   Thumb Code    62  ff.o(.text)
    f_getfree                                0x00007057   Thumb Code   246  ff.o(.text)
    f_truncate                               0x0000714d   Thumb Code   178  ff.o(.text)
    f_unlink                                 0x000071ff   Thumb Code   170  ff.o(.text)
    f_mkdir                                  0x000072a9   Thumb Code   270  ff.o(.text)
    f_rename                                 0x000073b7   Thumb Code   282  ff.o(.text)
    cJSON_GetErrorPtr                        0x000074d1   Thumb Code     6  cjson.o(.text)
    cJSON_InitHooks                          0x0000754b   Thumb Code    48  cjson.o(.text)
    cJSON_Delete                             0x00007595   Thumb Code    82  cjson.o(.text)
    cJSON_ParseWithOpts                      0x0000819f   Thumb Code   150  cjson.o(.text)
    cJSON_Parse                              0x00008235   Thumb Code    16  cjson.o(.text)
    cJSON_Print                              0x000089c5   Thumb Code    18  cjson.o(.text)
    cJSON_PrintUnformatted                   0x000089d7   Thumb Code    18  cjson.o(.text)
    cJSON_PrintBuffered                      0x000089e9   Thumb Code    52  cjson.o(.text)
    cJSON_GetArraySize                       0x00008a1d   Thumb Code    18  cjson.o(.text)
    cJSON_GetArrayItem                       0x00008a2f   Thumb Code    18  cjson.o(.text)
    cJSON_GetObjectItem                      0x00008a41   Thumb Code    30  cjson.o(.text)
    cJSON_AddItemToArray                     0x00008a95   Thumb Code    42  cjson.o(.text)
    cJSON_AddItemToObject                    0x00008abf   Thumb Code    44  cjson.o(.text)
    cJSON_AddItemToObjectCS                  0x00008aeb   Thumb Code    54  cjson.o(.text)
    cJSON_AddItemReferenceToArray            0x00008b21   Thumb Code    24  cjson.o(.text)
    cJSON_AddItemReferenceToObject           0x00008b39   Thumb Code    32  cjson.o(.text)
    cJSON_DetachItemFromArray                0x00008b59   Thumb Code    66  cjson.o(.text)
    cJSON_DeleteItemFromArray                0x00008b9b   Thumb Code    22  cjson.o(.text)
    cJSON_DetachItemFromObject               0x00008bb1   Thumb Code    50  cjson.o(.text)
    cJSON_DeleteItemFromObject               0x00008be3   Thumb Code    22  cjson.o(.text)
    cJSON_InsertItemInArray                  0x00008bf9   Thumb Code    64  cjson.o(.text)
    cJSON_ReplaceItemInArray                 0x00008c39   Thumb Code    76  cjson.o(.text)
    cJSON_ReplaceItemInObject                0x00008c85   Thumb Code    62  cjson.o(.text)
    cJSON_CreateNull                         0x00008cc3   Thumb Code    18  cjson.o(.text)
    cJSON_CreateTrue                         0x00008cd5   Thumb Code    18  cjson.o(.text)
    cJSON_CreateFalse                        0x00008ce7   Thumb Code    18  cjson.o(.text)
    cJSON_CreateBool                         0x00008cf9   Thumb Code    26  cjson.o(.text)
    cJSON_CreateNumber                       0x00008d13   Thumb Code    48  cjson.o(.text)
    cJSON_CreateString                       0x00008d43   Thumb Code    28  cjson.o(.text)
    cJSON_CreateArray                        0x00008d5f   Thumb Code    18  cjson.o(.text)
    cJSON_CreateObject                       0x00008d71   Thumb Code    18  cjson.o(.text)
    cJSON_CreateIntArray                     0x00008d83   Thumb Code    86  cjson.o(.text)
    cJSON_CreateFloatArray                   0x00008dd9   Thumb Code    96  cjson.o(.text)
    cJSON_CreateDoubleArray                  0x00008e39   Thumb Code    74  cjson.o(.text)
    cJSON_CreateStringArray                  0x00008e83   Thumb Code    66  cjson.o(.text)
    cJSON_Duplicate                          0x00008ec5   Thumb Code   172  cjson.o(.text)
    cJSON_Minify                             0x00008f71   Thumb Code   186  cjson.o(.text)
    malloc                                   0x0000902b   Thumb Code    94  h1_alloc.o(.text)
    free                                     0x00009089   Thumb Code    78  h1_free.o(.text)
    tolower                                  0x000090d7   Thumb Code    26  tolower.o(.text)
    __2printf                                0x000090f1   Thumb Code    20  noretval__2printf.o(.text)
    __2sprintf                               0x00009109   Thumb Code    34  noretval__2sprintf.o(.text)
    _printf_pre_padding                      0x00009131   Thumb Code    44  _printf_pad.o(.text)
    _printf_post_padding                     0x0000915d   Thumb Code    34  _printf_pad.o(.text)
    _printf_str                              0x0000917f   Thumb Code    82  _printf_str.o(.text)
    _printf_int_dec                          0x000091d1   Thumb Code   100  _printf_dec.o(.text)
    _printf_int_hex                          0x00009245   Thumb Code    84  _printf_hex_int.o(.text)
    _printf_longlong_hex                     0x00009245   Thumb Code     0  _printf_hex_int.o(.text)
    __printf                                 0x0000929d   Thumb Code   308  __printf_flags_wp.o(.text)
    __0sscanf                                0x000093d5   Thumb Code    52  __0sscanf.o(.text)
    _scanf_int                               0x00009411   Thumb Code   332  _scanf_int.o(.text)
    _scanf_string                            0x0000955d   Thumb Code   218  _scanf_str.o(.text)
    strchr                                   0x00009637   Thumb Code    20  strchr.o(.text)
    strcpy                                   0x0000964b   Thumb Code    72  strcpy.o(.text)
    strlen                                   0x00009693   Thumb Code    62  strlen.o(.text)
    strncmp                                  0x000096d1   Thumb Code   150  strncmp.o(.text)
    __aeabi_memcpy                           0x00009767   Thumb Code     0  rt_memcpy_v6.o(.text)
    __rt_memcpy                              0x00009767   Thumb Code   138  rt_memcpy_v6.o(.text)
    _memcpy_lastbytes                        0x000097cd   Thumb Code     0  rt_memcpy_v6.o(.text)
    __aeabi_memcpy4                          0x000097f1   Thumb Code     0  rt_memcpy_w.o(.text)
    __aeabi_memcpy8                          0x000097f1   Thumb Code     0  rt_memcpy_w.o(.text)
    __rt_memcpy_w                            0x000097f1   Thumb Code   100  rt_memcpy_w.o(.text)
    _memcpy_lastbytes_aligned                0x00009839   Thumb Code     0  rt_memcpy_w.o(.text)
    __aeabi_memclr4                          0x00009855   Thumb Code     0  rt_memclr_w.o(.text)
    __aeabi_memclr8                          0x00009855   Thumb Code     0  rt_memclr_w.o(.text)
    __rt_memclr_w                            0x00009855   Thumb Code    78  rt_memclr_w.o(.text)
    _memset_w                                0x00009859   Thumb Code     0  rt_memclr_w.o(.text)
    __use_two_region_memory                  0x000098a3   Thumb Code     2  heapauxi.o(.text)
    __rt_heap_escrow                         0x000098a5   Thumb Code     2  heapauxi.o(.text)
    __rt_heap_expand                         0x000098a7   Thumb Code     2  heapauxi.o(.text)
    __rt_ctype_table                         0x000098a9   Thumb Code    16  rt_ctype_table.o(.text)
    __rt_heap_descriptor                     0x000098b9   Thumb Code     8  rt_heap_descriptor_intlibspace.o(.text)
    __use_no_heap                            0x000098c1   Thumb Code     2  hguard.o(.text)
    __heap$guard                             0x000098c3   Thumb Code     2  hguard.o(.text)
    _terminate_user_alloc                    0x000098c5   Thumb Code     2  init_alloc.o(.text)
    _init_user_alloc                         0x000098c7   Thumb Code     2  init_alloc.o(.text)
    __Heap_Full                              0x000098c9   Thumb Code    34  init_alloc.o(.text)
    __Heap_Broken                            0x000098eb   Thumb Code     6  init_alloc.o(.text)
    _init_alloc                              0x000098f1   Thumb Code    94  init_alloc.o(.text)
    __Heap_Initialize                        0x0000994f   Thumb Code    10  h1_init.o(.text)
    __Heap_DescSize                          0x00009959   Thumb Code     4  h1_init.o(.text)
    __read_errno                             0x0000995d   Thumb Code    10  _rserrno.o(.text)
    __set_errno                              0x00009967   Thumb Code    12  _rserrno.o(.text)
    _printf_int_common                       0x00009973   Thumb Code   178  _printf_intcommon.o(.text)
    __lib_sel_fp_printf                      0x00009a25   Thumb Code     2  _printf_fp_dec.o(.text)
    _printf_fp_dec_real                      0x00009bd3   Thumb Code   616  _printf_fp_dec.o(.text)
    _printf_char_common                      0x00009e47   Thumb Code    32  _printf_char_common.o(.text)
    _sputc                                   0x00009e6d   Thumb Code    10  _sputc.o(.text)
    _printf_cs_common                        0x00009e77   Thumb Code    20  _printf_char.o(.text)
    _printf_char                             0x00009e8b   Thumb Code    16  _printf_char.o(.text)
    _printf_string                           0x00009e9b   Thumb Code     8  _printf_char.o(.text)
    _printf_char_file                        0x00009ea5   Thumb Code    32  _printf_char_file.o(.text)
    _chval                                   0x00009ec9   Thumb Code    28  _chval.o(.text)
    __vfscanf_char                           0x00009ef1   Thumb Code    24  scanf_char.o(.text)
    _sgetc                                   0x00009f11   Thumb Code    30  _sgetc.o(.text)
    _sbackspace                              0x00009f2f   Thumb Code    34  _sgetc.o(.text)
    __user_libspace                          0x00009f51   Thumb Code     8  libspace.o(.text)
    __user_perproc_libspace                  0x00009f51   Thumb Code     0  libspace.o(.text)
    __user_perthread_libspace                0x00009f51   Thumb Code     0  libspace.o(.text)
    __rt_locale                              0x00009f59   Thumb Code     8  rt_locale_intlibspace.o(.text)
    __aeabi_errno_addr                       0x00009f61   Thumb Code     8  rt_errno_addr_intlibspace.o(.text)
    __errno$intlibspace                      0x00009f61   Thumb Code     0  rt_errno_addr_intlibspace.o(.text)
    __rt_errno_addr$intlibspace              0x00009f61   Thumb Code     0  rt_errno_addr_intlibspace.o(.text)
    __Heap_ProvideMemory                     0x00009f69   Thumb Code    52  h1_extend.o(.text)
    _ll_udiv10                               0x00009f9d   Thumb Code   138  lludiv10.o(.text)
    isspace                                  0x0000a027   Thumb Code    18  isspace.o(.text)
    _printf_fp_infnan                        0x0000a039   Thumb Code   112  _printf_fp_infnan.o(.text)
    __vfscanf                                0x0000a0b9   Thumb Code   872  _scanf.o(.text)
    _btod_etento                             0x0000a425   Thumb Code   212  bigflt0.o(.text)
    ferror                                   0x0000a4fd   Thumb Code     8  ferror.o(.text)
    __rt_SIGRTMEM                            0x0000a505   Thumb Code    14  defsig_rtmem_outer.o(.text)
    __I$use$semihosting                      0x0000a513   Thumb Code     0  use_no_semi.o(.text)
    __use_no_semihosting_swi                 0x0000a513   Thumb Code     2  use_no_semi.o(.text)
    __semihosting_library_function           0x0000a515   Thumb Code     0  indicate_semi.o(.text)
    __user_setup_stackheap                   0x0000a515   Thumb Code    74  sys_stackheap_outer.o(.text)
    exit                                     0x0000a55f   Thumb Code    12  exit.o(.text)
    __sig_exit                               0x0000a56b   Thumb Code    10  defsig_exit.o(.text)
    __rt_SIGRTMEM_inner                      0x0000a575   Thumb Code    22  defsig_rtmem_inner.o(.text)
    strcmp                                   0x0000a5c5   Thumb Code   128  strcmpv7m.o(.text)
    _sys_exit                                0x0000a645   Thumb Code     8  sys_exit.o(.text)
    __default_signal_display                 0x0000a651   Thumb Code    50  defsig_general.o(.text)
    _ttywrch                                 0x0000a683   Thumb Code    14  sys_wrch.o(.text)
    _btod_d2e                                0x0000a691   Thumb Code    62  btod.o(CL$$btod_d2e)
    _d2e_denorm_low                          0x0000a6cf   Thumb Code    70  btod.o(CL$$btod_d2e_denorm_low)
    _d2e_norm_op1                            0x0000a715   Thumb Code    96  btod.o(CL$$btod_d2e_norm_op1)
    __btod_div_common                        0x0000a775   Thumb Code   696  btod.o(CL$$btod_div_common)
    _e2e                                     0x0000aaad   Thumb Code   198  btod.o(CL$$btod_e2e)
    _btod_ediv                               0x0000ab73   Thumb Code    40  btod.o(CL$$btod_ediv)
    _btod_emul                               0x0000ab9b   Thumb Code    40  btod.o(CL$$btod_emul)
    __btod_mult_common                       0x0000abc3   Thumb Code   580  btod.o(CL$$btod_mult_common)
    __ARM_fpclassify                         0x0000ae07   Thumb Code    48  fpclassify.o(i.__ARM_fpclassify)
    __hardfp_fabs                            0x0000ae37   Thumb Code    20  fabs.o(i.__hardfp_fabs)
    __hardfp_floor                           0x0000ae51   Thumb Code   252  floor.o(i.__hardfp_floor)
    __hardfp_pow                             0x0000af69   Thumb Code  3048  pow.o(i.__hardfp_pow)
    __kernel_poly                            0x0000bba1   Thumb Code   248  poly.o(i.__kernel_poly)
    __mathlib_dbl_underflow                  0x0000bc99   Thumb Code    24  dunder.o(i.__mathlib_dbl_underflow)
    _is_digit                                0x0000bcb9   Thumb Code    14  __printf_wp.o(i._is_digit)
    fabs                                     0x0000bcc7   Thumb Code    24  fabs.o(i.fabs)
    sqrt                                     0x0000bcdf   Thumb Code   110  sqrt.o(i.sqrt)
    _get_lc_ctype                            0x0000bd4d   Thumb Code    44  lc_ctype_c.o(locale$$code)
    _get_lc_numeric                          0x0000bd79   Thumb Code    44  lc_numeric_c.o(locale$$code)
    __aeabi_dneg                             0x0000bda5   Thumb Code     0  basic.o(x$fpl$basic)
    _dneg                                    0x0000bda5   Thumb Code     6  basic.o(x$fpl$basic)
    __aeabi_fneg                             0x0000bdab   Thumb Code     0  basic.o(x$fpl$basic)
    _fneg                                    0x0000bdab   Thumb Code     6  basic.o(x$fpl$basic)
    _dabs                                    0x0000bdb1   Thumb Code     6  basic.o(x$fpl$basic)
    _fabs                                    0x0000bdb7   Thumb Code     6  basic.o(x$fpl$basic)
    __aeabi_dadd                             0x0000bdbd   Thumb Code     0  daddsub_clz.o(x$fpl$dadd)
    _dadd                                    0x0000bdbd   Thumb Code   332  daddsub_clz.o(x$fpl$dadd)
    __fpl_dcheck_NaN1                        0x0000bf0d   Thumb Code    10  dcheck1.o(x$fpl$dcheck1)
    __fpl_dcmp_Inf                           0x0000bf1d   Thumb Code    24  dcmpi.o(x$fpl$dcmpinf)
    __aeabi_ddiv                             0x0000bf35   Thumb Code     0  ddiv.o(x$fpl$ddiv)
    _ddiv                                    0x0000bf35   Thumb Code   552  ddiv.o(x$fpl$ddiv)
    __aeabi_cdcmpeq                          0x0000c1e5   Thumb Code     0  deqf.o(x$fpl$deqf)
    _dcmpeq                                  0x0000c1e5   Thumb Code   120  deqf.o(x$fpl$deqf)
    __aeabi_d2iz                             0x0000c25d   Thumb Code     0  dfix.o(x$fpl$dfix)
    _dfix                                    0x0000c25d   Thumb Code    94  dfix.o(x$fpl$dfix)
    __aeabi_i2d                              0x0000c2bb   Thumb Code     0  dflt_clz.o(x$fpl$dflt)
    _dflt                                    0x0000c2bb   Thumb Code    46  dflt_clz.o(x$fpl$dflt)
    __aeabi_cdcmple                          0x0000c2e9   Thumb Code     0  dleqf.o(x$fpl$dleqf)
    _dcmple                                  0x0000c2e9   Thumb Code   120  dleqf.o(x$fpl$dleqf)
    __fpl_dcmple_InfNaN                      0x0000c34b   Thumb Code     0  dleqf.o(x$fpl$dleqf)
    __aeabi_dmul                             0x0000c361   Thumb Code     0  dmul.o(x$fpl$dmul)
    _dmul                                    0x0000c361   Thumb Code   332  dmul.o(x$fpl$dmul)
    __fpl_dnaninf                            0x0000c4b5   Thumb Code   156  dnaninf.o(x$fpl$dnaninf)
    __fpl_dretinf                            0x0000c551   Thumb Code    12  dretinf.o(x$fpl$dretinf)
    __aeabi_cdrcmple                         0x0000c55d   Thumb Code     0  drleqf.o(x$fpl$drleqf)
    _drcmple                                 0x0000c55d   Thumb Code   108  drleqf.o(x$fpl$drleqf)
    __aeabi_drsub                            0x0000c5c9   Thumb Code     0  daddsub_clz.o(x$fpl$drsb)
    _drsb                                    0x0000c5c9   Thumb Code    22  daddsub_clz.o(x$fpl$drsb)
    _dsqrt                                   0x0000c5e1   Thumb Code   404  dsqrt_umaal.o(x$fpl$dsqrt)
    __aeabi_dsub                             0x0000c779   Thumb Code     0  daddsub_clz.o(x$fpl$dsub)
    _dsub                                    0x0000c779   Thumb Code   464  daddsub_clz.o(x$fpl$dsub)
    __aeabi_f2d                              0x0000c94d   Thumb Code     0  f2d.o(x$fpl$f2d)
    _f2d                                     0x0000c94d   Thumb Code    86  f2d.o(x$fpl$f2d)
    __fpl_fnaninf                            0x0000c9a3   Thumb Code   140  fnaninf.o(x$fpl$fnaninf)
    _fp_init                                 0x0000ca2f   Thumb Code    10  fpinit.o(x$fpl$fpinit)
    __fplib_config_fpu_vfp                   0x0000ca37   Thumb Code     0  fpinit.o(x$fpl$fpinit)
    __fplib_config_pureend_doubles           0x0000ca37   Thumb Code     0  fpinit.o(x$fpl$fpinit)
    _printf_fp_dec                           0x0000ca39   Thumb Code     4  printf1.o(x$fpl$printf1)
    __fpl_return_NaN                         0x0000ca3d   Thumb Code   100  retnan.o(x$fpl$retnan)
    __ARM_scalbn                             0x0000caa1   Thumb Code    92  scalbn.o(x$fpl$scalbn)
    __fpl_cmpreturn                          0x0000cafd   Thumb Code    48  trapv.o(x$fpl$trapveneer)
    __I$use$fp                               0x0000cb2c   Number         0  usenofp.o(x$fpl$usenofp)
    SPI_InstanceTable                        0x0000cc6c   Data          12  spi.o(.constdata)
    __mathlib_zero                           0x0000ce28   Data           8  qnan.o(.constdata)
    Region$$Table$$Base                      0x0000cf38   Number         0  anon$$obj.o(Region$$Table)
    Region$$Table$$Limit                     0x0000cf58   Number         0  anon$$obj.o(Region$$Table)
    __ctype                                  0x0000cf65   Data           0  lc_ctype_c.o(locale$$data)
    SystemCoreClock                          0x20000000   Data           4  system_mk64f12.o(.data)
    tasktotal                                0x20000090   Data          15  main.o(.data)
    AccSize                                  0x200000a0   Data           4  main.o(.data)
    AccFiles                                 0x200000a4   Data           2  main.o(.data)
    AccDirs                                  0x200000a6   Data           2  main.o(.data)
    __stdout                                 0x200000ac   Data           4  uart.o(.data)
    __stdin                                  0x200000b0   Data           4  uart.o(.data)
    buf                                      0x20001690   Data        1024  main.o(.bss)
    Finfo                                    0x20001a90   Data          24  main.o(.bss)
    __libspace_start                         0x200021ec   Data          96  libspace.o(.bss)
    __temporary_stack_top$libspace           0x2000224c   Data           0  libspace.o(.bss)



==============================================================================

Memory Map of the image

  Image Entry point : 0x00000411

  Load Region LR_IROM1 (Base: 0x00000000, Size: 0x0000d1b0, Max: 0x00100000, ABSOLUTE, COMPRESSED[0x0000d100])

    Execution Region ER_IROM1 (Base: 0x00000000, Size: 0x0000d084, Max: 0x00100000, ABSOLUTE)

    Base Addr    Size         Type   Attr      Idx    E Section Name        Object

    0x00000000   0x00000400   Data   RO           51    RESET               startup_mk64f12.o
    0x00000400   0x00000010   Code   RO           52    .ARM.__at_0x400     startup_mk64f12.o
    0x00000410   0x00000008   Code   RO          858  * !!!main             c_w.l(__main.o)
    0x00000418   0x00000034   Code   RO         1238    !!!scatter          c_w.l(__scatter.o)
    0x0000044c   0x0000005a   Code   RO         1236    !!dczerorl2         c_w.l(__dczerorl2.o)
    0x000004a6   0x00000002   PAD
    0x000004a8   0x0000001c   Code   RO         1240    !!handler_zi        c_w.l(__scatter_zi.o)
    0x000004c4   0x00000000   Code   RO          835    .ARM.Collect$$_printf_percent$$00000000  c_w.l(_printf_percent.o)
    0x000004c4   0x00000006   Code   RO          833    .ARM.Collect$$_printf_percent$$00000003  c_w.l(_printf_f.o)
    0x000004ca   0x00000006   Code   RO          834    .ARM.Collect$$_printf_percent$$00000004  c_w.l(_printf_e.o)
    0x000004d0   0x00000006   Code   RO          832    .ARM.Collect$$_printf_percent$$00000009  c_w.l(_printf_d.o)
    0x000004d6   0x00000006   Code   RO          831    .ARM.Collect$$_printf_percent$$0000000C  c_w.l(_printf_x.o)
    0x000004dc   0x00000006   Code   RO          829    .ARM.Collect$$_printf_percent$$00000013  c_w.l(_printf_c.o)
    0x000004e2   0x00000006   Code   RO          830    .ARM.Collect$$_printf_percent$$00000014  c_w.l(_printf_s.o)
    0x000004e8   0x00000004   Code   RO          958    .ARM.Collect$$_printf_percent$$00000017  c_w.l(_printf_percent_end.o)
    0x000004ec   0x00000002   Code   RO         1172    .ARM.Collect$$libinit$$00000000  c_w.l(libinit.o)
    0x000004ee   0x00000004   Code   RO          967    .ARM.Collect$$libinit$$00000001  c_w.l(libinit2.o)
    0x000004f2   0x00000008   Code   RO          969    .ARM.Collect$$libinit$$00000003  c_w.l(libinit2.o)
    0x000004fa   0x00000000   Code   RO          971    .ARM.Collect$$libinit$$00000008  c_w.l(libinit2.o)
    0x000004fa   0x00000000   Code   RO          973    .ARM.Collect$$libinit$$0000000A  c_w.l(libinit2.o)
    0x000004fa   0x00000000   Code   RO          975    .ARM.Collect$$libinit$$0000000C  c_w.l(libinit2.o)
    0x000004fa   0x00000006   Code   RO          976    .ARM.Collect$$libinit$$0000000D  c_w.l(libinit2.o)
    0x00000500   0x00000000   Code   RO          978    .ARM.Collect$$libinit$$0000000F  c_w.l(libinit2.o)
    0x00000500   0x0000000c   Code   RO          979    .ARM.Collect$$libinit$$00000010  c_w.l(libinit2.o)
    0x0000050c   0x00000000   Code   RO          980    .ARM.Collect$$libinit$$00000011  c_w.l(libinit2.o)
    0x0000050c   0x00000000   Code   RO          982    .ARM.Collect$$libinit$$00000013  c_w.l(libinit2.o)
    0x0000050c   0x0000000a   Code   RO          983    .ARM.Collect$$libinit$$00000014  c_w.l(libinit2.o)
    0x00000516   0x00000000   Code   RO          984    .ARM.Collect$$libinit$$00000015  c_w.l(libinit2.o)
    0x00000516   0x00000000   Code   RO          986    .ARM.Collect$$libinit$$00000017  c_w.l(libinit2.o)
    0x00000516   0x00000000   Code   RO          988    .ARM.Collect$$libinit$$00000019  c_w.l(libinit2.o)
    0x00000516   0x00000000   Code   RO          990    .ARM.Collect$$libinit$$0000001B  c_w.l(libinit2.o)
    0x00000516   0x00000000   Code   RO          992    .ARM.Collect$$libinit$$0000001D  c_w.l(libinit2.o)
    0x00000516   0x00000000   Code   RO          994    .ARM.Collect$$libinit$$0000001F  c_w.l(libinit2.o)
    0x00000516   0x00000000   Code   RO          996    .ARM.Collect$$libinit$$00000021  c_w.l(libinit2.o)
    0x00000516   0x00000000   Code   RO          998    .ARM.Collect$$libinit$$00000023  c_w.l(libinit2.o)
    0x00000516   0x00000000   Code   RO         1002    .ARM.Collect$$libinit$$0000002A  c_w.l(libinit2.o)
    0x00000516   0x00000000   Code   RO         1004    .ARM.Collect$$libinit$$0000002C  c_w.l(libinit2.o)
    0x00000516   0x00000000   Code   RO         1006    .ARM.Collect$$libinit$$0000002E  c_w.l(libinit2.o)
    0x00000516   0x00000000   Code   RO         1008    .ARM.Collect$$libinit$$00000030  c_w.l(libinit2.o)
    0x00000516   0x00000002   Code   RO         1009    .ARM.Collect$$libinit$$00000031  c_w.l(libinit2.o)
    0x00000518   0x00000002   Code   RO         1233    .ARM.Collect$$libshutdown$$00000000  c_w.l(libshutdown.o)
    0x0000051a   0x00000000   Code   RO         1189    .ARM.Collect$$libshutdown$$00000003  c_w.l(libshutdown2.o)
    0x0000051a   0x00000000   Code   RO         1192    .ARM.Collect$$libshutdown$$00000006  c_w.l(libshutdown2.o)
    0x0000051a   0x00000000   Code   RO         1195    .ARM.Collect$$libshutdown$$00000009  c_w.l(libshutdown2.o)
    0x0000051a   0x00000000   Code   RO         1197    .ARM.Collect$$libshutdown$$0000000B  c_w.l(libshutdown2.o)
    0x0000051a   0x00000000   Code   RO         1200    .ARM.Collect$$libshutdown$$0000000E  c_w.l(libshutdown2.o)
    0x0000051a   0x00000002   Code   RO         1201    .ARM.Collect$$libshutdown$$0000000F  c_w.l(libshutdown2.o)
    0x0000051c   0x00000000   Code   RO          916    .ARM.Collect$$rtentry$$00000000  c_w.l(rtentry.o)
    0x0000051c   0x00000000   Code   RO         1052    .ARM.Collect$$rtentry$$00000002  c_w.l(rtentry2.o)
    0x0000051c   0x00000006   Code   RO         1064    .ARM.Collect$$rtentry$$00000004  c_w.l(rtentry4.o)
    0x00000522   0x00000000   Code   RO         1054    .ARM.Collect$$rtentry$$00000009  c_w.l(rtentry2.o)
    0x00000522   0x00000004   Code   RO         1055    .ARM.Collect$$rtentry$$0000000A  c_w.l(rtentry2.o)
    0x00000526   0x00000000   Code   RO         1057    .ARM.Collect$$rtentry$$0000000C  c_w.l(rtentry2.o)
    0x00000526   0x00000008   Code   RO         1058    .ARM.Collect$$rtentry$$0000000D  c_w.l(rtentry2.o)
    0x0000052e   0x00000002   Code   RO         1177    .ARM.Collect$$rtexit$$00000000  c_w.l(rtexit.o)
    0x00000530   0x00000000   Code   RO         1207    .ARM.Collect$$rtexit$$00000002  c_w.l(rtexit2.o)
    0x00000530   0x00000004   Code   RO         1208    .ARM.Collect$$rtexit$$00000003  c_w.l(rtexit2.o)
    0x00000534   0x00000006   Code   RO         1209    .ARM.Collect$$rtexit$$00000004  c_w.l(rtexit2.o)
    0x0000053a   0x00000002   PAD
    0x0000053c   0x00000000   Code   RO         1078    .emb_text           c_w.l(maybetermalloc1.o)
    0x0000053c   0x00000004   Code   RO          542    .revsh_text         enet.o
    0x00000540   0x000001f0   Code   RO            3    .text               system_mk64f12.o
    0x00000730   0x00000040   Code   RO           53    .text               startup_mk64f12.o
    0x00000770   0x00000ac0   Code   RO           61    .text               main.o
    0x00001230   0x0000059c   Code   RO          155    .text               gpio.o
    0x000017cc   0x00000960   Code   RO          192    .text               uart.o
    0x0000212c   0x00000160   Code   RO          229    .text               wdog.o
    0x0000228c   0x000001a0   Code   RO          254    .text               pit.o
    0x0000242c   0x0000060c   Code   RO          308    .text               adc.o
    0x00002a38   0x00000e20   Code   RO          334    .text               ftm.o
    0x00003858   0x00000548   Code   RO          389    .text               spi.o
    0x00003da0   0x0000023c   Code   RO          416    .text               lptmr.o
    0x00003fdc   0x00000472   Code   RO          442    .text               dma.o
    0x0000444e   0x00000002   PAD
    0x00004450   0x00000400   Code   RO          517    .text               rtc.o
    0x00004850   0x000005b8   Code   RO          543    .text               enet.o
    0x00004e08   0x00000170   Code   RO          586    .text               common.o
    0x00004f78   0x00000728   Code   RO          606    .text               sd.o
    0x000056a0   0x000000b2   Code   RO          630    .text               diskio.o
    0x00005752   0x00000002   PAD
    0x00005754   0x00001d7c   Code   RO          648    .text               ff.o
    0x000074d0   0x00001b5a   Code   RO          669    .text               cjson.o
    0x0000902a   0x0000005e   Code   RO          712    .text               c_w.l(h1_alloc.o)
    0x00009088   0x0000004e   Code   RO          714    .text               c_w.l(h1_free.o)
    0x000090d6   0x0000001a   Code   RO          770    .text               c_w.l(tolower.o)
    0x000090f0   0x00000018   Code   RO          776    .text               c_w.l(noretval__2printf.o)
    0x00009108   0x00000028   Code   RO          778    .text               c_w.l(noretval__2sprintf.o)
    0x00009130   0x0000004e   Code   RO          782    .text               c_w.l(_printf_pad.o)
    0x0000917e   0x00000052   Code   RO          784    .text               c_w.l(_printf_str.o)
    0x000091d0   0x00000074   Code   RO          786    .text               c_w.l(_printf_dec.o)
    0x00009244   0x00000058   Code   RO          791    .text               c_w.l(_printf_hex_int.o)
    0x0000929c   0x00000138   Code   RO          821    .text               c_w.l(__printf_flags_wp.o)
    0x000093d4   0x0000003c   Code   RO          836    .text               c_w.l(__0sscanf.o)
    0x00009410   0x0000014c   Code   RO          838    .text               c_w.l(_scanf_int.o)
    0x0000955c   0x000000da   Code   RO          840    .text               c_w.l(_scanf_str.o)
    0x00009636   0x00000014   Code   RO          842    .text               c_w.l(strchr.o)
    0x0000964a   0x00000048   Code   RO          844    .text               c_w.l(strcpy.o)
    0x00009692   0x0000003e   Code   RO          846    .text               c_w.l(strlen.o)
    0x000096d0   0x00000096   Code   RO          848    .text               c_w.l(strncmp.o)
    0x00009766   0x0000008a   Code   RO          850    .text               c_w.l(rt_memcpy_v6.o)
    0x000097f0   0x00000064   Code   RO          852    .text               c_w.l(rt_memcpy_w.o)
    0x00009854   0x0000004e   Code   RO          854    .text               c_w.l(rt_memclr_w.o)
    0x000098a2   0x00000006   Code   RO          856    .text               c_w.l(heapauxi.o)
    0x000098a8   0x00000010   Code   RO          917    .text               c_w.l(rt_ctype_table.o)
    0x000098b8   0x00000008   Code   RO          922    .text               c_w.l(rt_heap_descriptor_intlibspace.o)
    0x000098c0   0x00000004   Code   RO          924    .text               c_w.l(hguard.o)
    0x000098c4   0x0000008a   Code   RO          926    .text               c_w.l(init_alloc.o)
    0x0000994e   0x0000000e   Code   RO          930    .text               c_w.l(h1_init.o)
    0x0000995c   0x00000016   Code   RO          944    .text               c_w.l(_rserrno.o)
    0x00009972   0x000000b2   Code   RO          946    .text               c_w.l(_printf_intcommon.o)
    0x00009a24   0x00000416   Code   RO          948    .text               c_w.l(_printf_fp_dec.o)
    0x00009e3a   0x00000002   PAD
    0x00009e3c   0x00000030   Code   RO          950    .text               c_w.l(_printf_char_common.o)
    0x00009e6c   0x0000000a   Code   RO          952    .text               c_w.l(_sputc.o)
    0x00009e76   0x0000002c   Code   RO          954    .text               c_w.l(_printf_char.o)
    0x00009ea2   0x00000002   PAD
    0x00009ea4   0x00000024   Code   RO          956    .text               c_w.l(_printf_char_file.o)
    0x00009ec8   0x0000001c   Code   RO          959    .text               c_w.l(_chval.o)
    0x00009ee4   0x0000002c   Code   RO          961    .text               c_w.l(scanf_char.o)
    0x00009f10   0x00000040   Code   RO          963    .text               c_w.l(_sgetc.o)
    0x00009f50   0x00000008   Code   RO         1048    .text               c_w.l(libspace.o)
    0x00009f58   0x00000008   Code   RO         1069    .text               c_w.l(rt_locale_intlibspace.o)
    0x00009f60   0x00000008   Code   RO         1074    .text               c_w.l(rt_errno_addr_intlibspace.o)
    0x00009f68   0x00000034   Code   RO         1080    .text               c_w.l(h1_extend.o)
    0x00009f9c   0x0000008a   Code   RO         1084    .text               c_w.l(lludiv10.o)
    0x0000a026   0x00000012   Code   RO         1086    .text               c_w.l(isspace.o)
    0x0000a038   0x00000080   Code   RO         1088    .text               c_w.l(_printf_fp_infnan.o)
    0x0000a0b8   0x0000036c   Code   RO         1092    .text               c_w.l(_scanf.o)
    0x0000a424   0x000000d8   Code   RO         1094    .text               c_w.l(bigflt0.o)
    0x0000a4fc   0x00000008   Code   RO         1119    .text               c_w.l(ferror.o)
    0x0000a504   0x0000000e   Code   RO         1129    .text               c_w.l(defsig_rtmem_outer.o)
    0x0000a512   0x00000002   Code   RO         1146    .text               c_w.l(use_no_semi.o)
    0x0000a514   0x00000000   Code   RO         1148    .text               c_w.l(indicate_semi.o)
    0x0000a514   0x0000004a   Code   RO         1149    .text               c_w.l(sys_stackheap_outer.o)
    0x0000a55e   0x0000000c   Code   RO         1155    .text               c_w.l(exit.o)
    0x0000a56a   0x0000000a   Code   RO         1157    .text               c_w.l(defsig_exit.o)
    0x0000a574   0x00000050   Code   RO         1159    .text               c_w.l(defsig_rtmem_inner.o)
    0x0000a5c4   0x00000080   Code   RO         1161    .text               c_w.l(strcmpv7m.o)
    0x0000a644   0x0000000c   Code   RO         1175    .text               c_w.l(sys_exit.o)
    0x0000a650   0x00000032   Code   RO         1185    .text               c_w.l(defsig_general.o)
    0x0000a682   0x0000000e   Code   RO         1204    .text               c_w.l(sys_wrch.o)
    0x0000a690   0x0000003e   Code   RO         1097    CL$$btod_d2e        c_w.l(btod.o)
    0x0000a6ce   0x00000046   Code   RO         1099    CL$$btod_d2e_denorm_low  c_w.l(btod.o)
    0x0000a714   0x00000060   Code   RO         1098    CL$$btod_d2e_norm_op1  c_w.l(btod.o)
    0x0000a774   0x00000338   Code   RO         1107    CL$$btod_div_common  c_w.l(btod.o)
    0x0000aaac   0x000000c6   Code   RO         1104    CL$$btod_e2e        c_w.l(btod.o)
    0x0000ab72   0x00000028   Code   RO         1101    CL$$btod_ediv       c_w.l(btod.o)
    0x0000ab9a   0x00000028   Code   RO         1100    CL$$btod_emul       c_w.l(btod.o)
    0x0000abc2   0x00000244   Code   RO         1106    CL$$btod_mult_common  c_w.l(btod.o)
    0x0000ae06   0x00000030   Code   RO         1029    i.__ARM_fpclassify  m_wm.l(fpclassify.o)
    0x0000ae36   0x00000014   Code   RO          888    i.__hardfp_fabs     m_wm.l(fabs.o)
    0x0000ae4a   0x00000006   PAD
    0x0000ae50   0x00000118   Code   RO          894    i.__hardfp_floor    m_wm.l(floor.o)
    0x0000af68   0x00000c38   Code   RO          900    i.__hardfp_pow      m_wm.l(pow.o)
    0x0000bba0   0x000000f8   Code   RO         1031    i.__kernel_poly     m_wm.l(poly.o)
    0x0000bc98   0x00000020   Code   RO         1027    i.__mathlib_dbl_underflow  m_wm.l(dunder.o)
    0x0000bcb8   0x0000000e   Code   RO          819    i._is_digit         c_w.l(__printf_wp.o)
    0x0000bcc6   0x00000018   Code   RO          890    i.fabs              m_wm.l(fabs.o)
    0x0000bcde   0x0000006e   Code   RO         1036    i.sqrt              m_wm.l(sqrt.o)
    0x0000bd4c   0x0000002c   Code   RO         1124    locale$$code        c_w.l(lc_ctype_c.o)
    0x0000bd78   0x0000002c   Code   RO         1127    locale$$code        c_w.l(lc_numeric_c.o)
    0x0000bda4   0x00000018   Code   RO         1010    x$fpl$basic         fz_wm.l(basic.o)
    0x0000bdbc   0x00000150   Code   RO          860    x$fpl$dadd          fz_wm.l(daddsub_clz.o)
    0x0000bf0c   0x00000010   Code   RO         1138    x$fpl$dcheck1       fz_wm.l(dcheck1.o)
    0x0000bf1c   0x00000018   Code   RO         1012    x$fpl$dcmpinf       fz_wm.l(dcmpi.o)
    0x0000bf34   0x000002b0   Code   RO         1015    x$fpl$ddiv          fz_wm.l(ddiv.o)
    0x0000c1e4   0x00000078   Code   RO          866    x$fpl$deqf          fz_wm.l(deqf.o)
    0x0000c25c   0x0000005e   Code   RO          868    x$fpl$dfix          fz_wm.l(dfix.o)
    0x0000c2ba   0x0000002e   Code   RO          873    x$fpl$dflt          fz_wm.l(dflt_clz.o)
    0x0000c2e8   0x00000078   Code   RO          878    x$fpl$dleqf         fz_wm.l(dleqf.o)
    0x0000c360   0x00000154   Code   RO          880    x$fpl$dmul          fz_wm.l(dmul.o)
    0x0000c4b4   0x0000009c   Code   RO         1018    x$fpl$dnaninf       fz_wm.l(dnaninf.o)
    0x0000c550   0x0000000c   Code   RO         1020    x$fpl$dretinf       fz_wm.l(dretinf.o)
    0x0000c55c   0x0000006c   Code   RO          882    x$fpl$drleqf        fz_wm.l(drleqf.o)
    0x0000c5c8   0x00000016   Code   RO          861    x$fpl$drsb          fz_wm.l(daddsub_clz.o)
    0x0000c5de   0x00000002   PAD
    0x0000c5e0   0x00000198   Code   RO         1140    x$fpl$dsqrt         fz_wm.l(dsqrt_umaal.o)
    0x0000c778   0x000001d4   Code   RO          862    x$fpl$dsub          fz_wm.l(daddsub_clz.o)
    0x0000c94c   0x00000056   Code   RO          884    x$fpl$f2d           fz_wm.l(f2d.o)
    0x0000c9a2   0x0000008c   Code   RO         1022    x$fpl$fnaninf       fz_wm.l(fnaninf.o)
    0x0000ca2e   0x0000000a   Code   RO         1142    x$fpl$fpinit        fz_wm.l(fpinit.o)
    0x0000ca38   0x00000004   Code   RO          886    x$fpl$printf1       fz_wm.l(printf1.o)
    0x0000ca3c   0x00000064   Code   RO         1173    x$fpl$retnan        fz_wm.l(retnan.o)
    0x0000caa0   0x0000005c   Code   RO         1024    x$fpl$scalbn        fz_wm.l(scalbn.o)
    0x0000cafc   0x00000030   Code   RO         1202    x$fpl$trapveneer    fz_wm.l(trapv.o)
    0x0000cb2c   0x00000000   Code   RO         1026    x$fpl$usenofp       fz_wm.l(usenofp.o)
    0x0000cb2c   0x00000041   Data   RO          157    .constdata          gpio.o
    0x0000cb6d   0x00000003   PAD
    0x0000cb70   0x00000084   Data   RO          194    .constdata          uart.o
    0x0000cbf4   0x00000004   Data   RO          256    .constdata          pit.o
    0x0000cbf8   0x00000022   Data   RO          309    .constdata          adc.o
    0x0000cc1a   0x00000002   PAD
    0x0000cc1c   0x0000004f   Data   RO          336    .constdata          ftm.o
    0x0000cc6b   0x00000001   PAD
    0x0000cc6c   0x00000084   Data   RO          391    .constdata          spi.o
    0x0000ccf0   0x00000010   Data   RO          417    .constdata          lptmr.o
    0x0000cd00   0x00000014   Data   RO          444    .constdata          dma.o
    0x0000cd14   0x00000034   Data   RO          518    .constdata          rtc.o
    0x0000cd48   0x0000000c   Data   RO          608    .constdata          sd.o
    0x0000cd54   0x0000000a   Data   RO          649    .constdata          ff.o
    0x0000cd5e   0x00000007   Data   RO          670    .constdata          cjson.o
    0x0000cd65   0x00000028   Data   RO          792    .constdata          c_w.l(_printf_hex_int.o)
    0x0000cd8d   0x00000011   Data   RO          822    .constdata          c_w.l(__printf_flags_wp.o)
    0x0000cd9e   0x00000002   PAD
    0x0000cda0   0x00000088   Data   RO          903    .constdata          m_wm.l(pow.o)
    0x0000ce28   0x00000008   Data   RO         1033    .constdata          m_wm.l(qnan.o)
    0x0000ce30   0x00000094   Data   RO         1095    .constdata          c_w.l(bigflt0.o)
    0x0000cec4   0x0000005f   Data   RO           63    .conststring        main.o
    0x0000cf23   0x00000001   PAD
    0x0000cf24   0x00000011   Data   RO          195    .conststring        uart.o
    0x0000cf35   0x00000003   PAD
    0x0000cf38   0x00000020   Data   RO         1234    Region$$Table       anon$$obj.o
    0x0000cf58   0x00000110   Data   RO         1123    locale$$data        c_w.l(lc_ctype_c.o)
    0x0000d068   0x0000001c   Data   RO         1126    locale$$data        c_w.l(lc_numeric_c.o)


    Execution Region RW_IRAM1 (Base: 0x20000000, Size: 0x00022250, Max: 0x00030000, ABSOLUTE, COMPRESSED[0x0000007c])

    Base Addr    Size         Type   Attr      Idx    E Section Name        Object

    0x20000000   0x00000004   Data   RW            4    .data               system_mk64f12.o
    0x20000004   0x000000a4   Data   RW           64    .data               main.o
    0x200000a8   0x00000011   Data   RW          196    .data               uart.o
    0x200000b9   0x00000003   PAD
    0x200000bc   0x00000004   Data   RW          230    .data               wdog.o
    0x200000c0   0x00000004   Data   RW          257    .data               pit.o
    0x200000c4   0x00000008   Data   RW          310    .data               adc.o
    0x200000cc   0x00000004   Data   RW          418    .data               lptmr.o
    0x200000d0   0x00000004   Data   RW          445    .data               dma.o
    0x200000d4   0x00000034   Data   RW          519    .data               rtc.o
    0x20000108   0x00000010   Data   RW          545    .data               enet.o
    0x20000118   0x00000006   Data   RW          650    .data               ff.o
    0x2000011e   0x00000002   PAD
    0x20000120   0x0000000c   Data   RW          671    .data               cjson.o
    0x2000012c   0x0000197c   Zero   RW           62    .bss                main.o
    0x20001aa8   0x00000014   Zero   RW          156    .bss                gpio.o
    0x20001abc   0x00000030   Zero   RW          193    .bss                uart.o
    0x20001aec   0x00000010   Zero   RW          255    .bss                pit.o
    0x20001afc   0x00000010   Zero   RW          335    .bss                ftm.o
    0x20001b0c   0x0000000c   Zero   RW          390    .bss                spi.o
    0x20001b18   0x00000040   Zero   RW          443    .bss                dma.o
    0x20001b58   0x0000065e   Zero   RW          544    .bss                enet.o
    0x200021b6   0x00000002   PAD
    0x200021b8   0x00000034   Zero   RW          607    .bss                sd.o
    0x200021ec   0x00000060   Zero   RW         1049    .bss                c_w.l(libspace.o)
    0x2000224c   0x00000004   PAD
    0x20002250   0x00010000   Zero   RW           50    HEAP                startup_mk64f12.o
    0x20012250   0x00010000   Zero   RW           49    STACK               startup_mk64f12.o


==============================================================================

Image component sizes


      Code (inc. data)   RO Data    RW Data    ZI Data      Debug   Object Name

      1548         36         34          8          0       7703   adc.o
      7002        236          7         12          0      24044   cjson.o
       368         26          0          0          0       3792   common.o
       178          0          0          0          0       3902   diskio.o
      1138         30         20          4         64      10086   dma.o
      1468         74          0         16       1630       7973   enet.o
      7548         64         10          6          0      37808   ff.o
      3616         70         79          0         16      10563   ftm.o
      1436         62         65          0         20      34838   gpio.o
       572         18         16          4          0       4044   lptmr.o
      2752        638         95        164       6524      10039   main.o
       416         30          4          4         16       3886   pit.o
      1024         34         52         52          0       5918   rtc.o
      1832        112         12          0         52      15348   sd.o
      1352         44        132          0         12       7000   spi.o
        80         42       1024          0     131072       1168   startup_mk64f12.o
       496         44          0          4          0     352021   system_mk64f12.o
      2400         70        149         17         48      35385   uart.o
       352         14          0          4          0       3657   wdog.o

    ----------------------------------------------------------------------
     35582       1644       1741        300     139456     579175   Object Totals
         0          0         32          0          0          0   (incl. Generated)
         4          0         10          5          2          0   (incl. Padding)

    ----------------------------------------------------------------------

      Code (inc. data)   RO Data    RW Data    ZI Data      Debug   Library Member Name

        60          8          0          0          0         84   __0sscanf.o
        90          0          0          0          0          0   __dczerorl2.o
         8          0          0          0          0         68   __main.o
       312          4         17          0          0         92   __printf_flags_wp.o
        14          0          0          0          0         68   __printf_wp.o
        52          8          0          0          0          0   __scatter.o
        28          0          0          0          0          0   __scatter_zi.o
        28          0          0          0          0         68   _chval.o
         6          0          0          0          0          0   _printf_c.o
        44          0          0          0          0        108   _printf_char.o
        48          6          0          0          0         96   _printf_char_common.o
        36          4          0          0          0         80   _printf_char_file.o
         6          0          0          0          0          0   _printf_d.o
       116         16          0          0          0         92   _printf_dec.o
         6          0          0          0          0          0   _printf_e.o
         6          0          0          0          0          0   _printf_f.o
      1046          0          0          0          0        216   _printf_fp_dec.o
       128         16          0          0          0         84   _printf_fp_infnan.o
        88          4         40          0          0         88   _printf_hex_int.o
       178          0          0          0          0         88   _printf_intcommon.o
        78          0          0          0          0        108   _printf_pad.o
         0          0          0          0          0          0   _printf_percent.o
         4          0          0          0          0          0   _printf_percent_end.o
         6          0          0          0          0          0   _printf_s.o
        82          0          0          0          0         80   _printf_str.o
         6          0          0          0          0          0   _printf_x.o
        22          0          0          0          0        100   _rserrno.o
       876          4          0          0          0        100   _scanf.o
       332          0          0          0          0         96   _scanf_int.o
       218          0          0          0          0         96   _scanf_str.o
        64          0          0          0          0         84   _sgetc.o
        10          0          0          0          0         68   _sputc.o
       216          4        148          0          0         96   bigflt0.o
      1910        128          0          0          0        672   btod.o
        10          0          0          0          0         68   defsig_exit.o
        50          0          0          0          0         88   defsig_general.o
        80         58          0          0          0         76   defsig_rtmem_inner.o
        14          0          0          0          0         80   defsig_rtmem_outer.o
        12          0          0          0          0         72   exit.o
         8          0          0          0          0         68   ferror.o
        94          0          0          0          0         80   h1_alloc.o
        52          0          0          0          0         68   h1_extend.o
        78          0          0          0          0         80   h1_free.o
        14          0          0          0          0         84   h1_init.o
         6          0          0          0          0        152   heapauxi.o
         4          0          0          0          0        136   hguard.o
         0          0          0          0          0          0   indicate_semi.o
       138          0          0          0          0        168   init_alloc.o
        18          0          0          0          0         76   isspace.o
        44         10        272          0          0         76   lc_ctype_c.o
        44         10         28          0          0         76   lc_numeric_c.o
         2          0          0          0          0          0   libinit.o
        42          0          0          0          0          0   libinit2.o
         2          0          0          0          0          0   libshutdown.o
         2          0          0          0          0          0   libshutdown2.o
         8          4          0          0         96         68   libspace.o
       138          0          0          0          0         80   lludiv10.o
         0          0          0          0          0          0   maybetermalloc1.o
        24          4          0          0          0         84   noretval__2printf.o
        40          6          0          0          0         84   noretval__2sprintf.o
        16          4          0          0          0         76   rt_ctype_table.o
         8          4          0          0          0         68   rt_errno_addr_intlibspace.o
         8          4          0          0          0         68   rt_heap_descriptor_intlibspace.o
         8          4          0          0          0         68   rt_locale_intlibspace.o
        78          0          0          0          0         80   rt_memclr_w.o
       138          0          0          0          0         68   rt_memcpy_v6.o
       100          0          0          0          0         80   rt_memcpy_w.o
         0          0          0          0          0          0   rtentry.o
        12          0          0          0          0          0   rtentry2.o
         6          0          0          0          0          0   rtentry4.o
         2          0          0          0          0          0   rtexit.o
        10          0          0          0          0          0   rtexit2.o
        44          8          0          0          0         84   scanf_char.o
        20          0          0          0          0         68   strchr.o
       128          0          0          0          0         68   strcmpv7m.o
        72          0          0          0          0         80   strcpy.o
        62          0          0          0          0         76   strlen.o
       150          0          0          0          0         80   strncmp.o
        12          4          0          0          0         68   sys_exit.o
        74          0          0          0          0         80   sys_stackheap_outer.o
        14          0          0          0          0         76   sys_wrch.o
        26          0          0          0          0         76   tolower.o
         2          0          0          0          0         68   use_no_semi.o
        24          0          0          0          0        164   basic.o
       826         16          0          0          0        492   daddsub_clz.o
        16          4          0          0          0        116   dcheck1.o
        24          0          0          0          0        116   dcmpi.o
       688        140          0          0          0        256   ddiv.o
       120          4          0          0          0        140   deqf.o
        94          4          0          0          0        140   dfix.o
        46          0          0          0          0        116   dflt_clz.o
       120          4          0          0          0        140   dleqf.o
       340         12          0          0          0        152   dmul.o
       156          4          0          0          0        140   dnaninf.o
        12          0          0          0          0        116   dretinf.o
       108          0          0          0          0        128   drleqf.o
       408         56          0          0          0        168   dsqrt_umaal.o
        86          4          0          0          0        132   f2d.o
       140          4          0          0          0        132   fnaninf.o
        10          0          0          0          0        116   fpinit.o
         4          0          0          0          0        116   printf1.o
       100          0          0          0          0        116   retnan.o
        92          0          0          0          0        116   scalbn.o
        48          0          0          0          0        116   trapv.o
         0          0          0          0          0          0   usenofp.o
        32          8          0          0          0        124   dunder.o
        44          0          0          0          0        248   fabs.o
       280         28          0          0          0        156   floor.o
        48          0          0          0          0        124   fpclassify.o
       248          0          0          0          0        152   poly.o
      3128        304        136          0          0        216   pow.o
         0          0          8          0          0          0   qnan.o
       110          0          0          0          0        148   sqrt.o

    ----------------------------------------------------------------------
     15406        914        651          0        100      10224   Library Totals
        16          0          2          0          4          0   (incl. Padding)

    ----------------------------------------------------------------------

      Code (inc. data)   RO Data    RW Data    ZI Data      Debug   Library Name

      8038        322        505          0         96       5828   c_w.l
      3462        252          0          0          0       3228   fz_wm.l
      3890        340        144          0          0       1168   m_wm.l

    ----------------------------------------------------------------------
     15406        914        651          0        100      10224   Library Totals

    ----------------------------------------------------------------------

==============================================================================


      Code (inc. data)   RO Data    RW Data    ZI Data      Debug   

     50988       2558       2392        300     139556     577567   Grand Totals
     50988       2558       2392        124     139556     577567   ELF Image Totals (compressed)
     50988       2558       2392        124          0          0   ROM Totals

==============================================================================

    Total RO  Size (Code + RO Data)                53380 (  52.13kB)
    Total RW  Size (RW Data + ZI Data)            139856 ( 136.58kB)
    Total ROM Size (Code + RO Data + RW Data)      53504 (  52.25kB)

==============================================================================

